apiVersion: kustomize.config.k8s.io/v1
kind: Values
metadata:
  name: shared
  namespace: bar
spec:
  branch: -branch
  domain: domain.com
  env: dev
